[backblue.gif]
[fade.gif]
[index.html]
[external.html]
[bunkr.sk/build/asdajklsdashjdasjk.js]
[core-apps.b-cdn.net/js/script.js]
[ku42hjr2e.com/aas/r45d/vki/1970903/477e4244.js]
[bunkr.si/build/runtime.9a71ee5d.js]
[bunkr.si/build/370.a4405777.js]
[bunkr.si/build/app.291ea157.js]
[i-milkshake.bunkr.ru/thumbs/kk-1--kt1nZkh0.png]
[pk910324e.com/lv/esnk/1971181/code.js]
[i-milkshake.bunkr.ru/thumbs/kk-11--o352IWBp.png]
[i-milkshake.bunkr.ru/thumbs/kk-10--caB7HynL.png]
[i-milkshake.bunkr.ru/thumbs/kk-13--SwTn2FXW.png]
[i-milkshake.bunkr.ru/thumbs/kk-14--fvXsUfAW.png]
[i-milkshake.bunkr.ru/thumbs/kk-16--E6l63Qqy.png]
[i-milkshake.bunkr.ru/thumbs/kk-17--3GQHisnx.png]
[i-milkshake.bunkr.ru/thumbs/kk-15--u6z7dYyY.png]
[i-milkshake.bunkr.ru/thumbs/kk-18--OtWixACV.png]
[i-milkshake.bunkr.ru/thumbs/kk-2--iBnRCTCT.png]
[i-milkshake.bunkr.ru/thumbs/kk-3--Q48Hp6bq.png]
[i-milkshake.bunkr.ru/thumbs/kk-12--DOfQwEiI.png]
[i-milkshake.bunkr.ru/thumbs/kk-5--gcd5KNyw.png]
[i-milkshake.bunkr.ru/thumbs/kk-6--li3Utnif.png]
[i-milkshake.bunkr.ru/thumbs/kk-7--aWXhqVHE.png]
[i-milkshake.bunkr.ru/thumbs/kk-8--KaIqWqWR.png]
[i-milkshake.bunkr.ru/thumbs/kk-9--YpxABGXf.png]
[i-milkshake.bunkr.ru/thumbs/kk-4--otqo8Hbj.png]
[bunkr.sk/magic/albums.js]
[bunkr.sk/magic/image56cb71cbf0a9b3e0.png]
[bunkr.sk/magic/imageb0278eb21583d3e6.png]
[bunkr.sk/magic/album-sort.js]
[bunkr.si/a/index.html]
[bunkr.si/build/app.26f3607a.css]
[bunkr.si/a/index.html]
