[bunkr.si/a/index.html]
[backblue.gif]
[fade.gif]
[index.html]
[external.html]
[bunkr.si/build/app.26f3607a.css]
[core-apps.b-cdn.net/js/script.js]
[ku42hjr2e.com/aas/r45d/vki/1970903/477e4244.js]
[bunkr.si/build/runtime.9a71ee5d.js]
[bunkr.si/build/370.a4405777.js]
[bunkr.si/build/app.291ea157.js]
[bunkr.si/a/index.html]
[bunkr.si/build/app.26f3607a.css]
[bunkr.sk/build/asdajklsdashjdasjk.html]
[pk910324e.com/lv/esnk/1971181/code.html]
[i-milkshake.bunkr.ru/thumbs/kk-1--kt1nZkh0.html]
[i-milkshake.bunkr.ru/thumbs/kk-11--o352IWBp.html]
[i-milkshake.bunkr.ru/thumbs/kk-10--caB7HynL.html]
[i-milkshake.bunkr.ru/thumbs/kk-13--SwTn2FXW.html]
[i-milkshake.bunkr.ru/thumbs/kk-14--fvXsUfAW.html]
[i-milkshake.bunkr.ru/thumbs/kk-16--E6l63Qqy.html]
[i-milkshake.bunkr.ru/thumbs/kk-17--3GQHisnx.html]
[i-milkshake.bunkr.ru/thumbs/kk-15--u6z7dYyY.html]
[i-milkshake.bunkr.ru/thumbs/kk-18--OtWixACV.html]
[i-milkshake.bunkr.ru/thumbs/kk-2--iBnRCTCT.html]
[i-milkshake.bunkr.ru/thumbs/kk-3--Q48Hp6bq.html]
[i-milkshake.bunkr.ru/thumbs/kk-12--DOfQwEiI.html]
[i-milkshake.bunkr.ru/thumbs/kk-5--gcd5KNyw.html]
[i-milkshake.bunkr.ru/thumbs/kk-6--li3Utnif.html]
[i-milkshake.bunkr.ru/thumbs/kk-7--aWXhqVHE.html]
[i-milkshake.bunkr.ru/thumbs/kk-8--KaIqWqWR.html]
[i-milkshake.bunkr.ru/thumbs/kk-9--YpxABGXf.html]
[i-milkshake.bunkr.ru/thumbs/kk-4--otqo8Hbj.html]
[bunkr.sk/magic/albums.html]
[bunkr.sk/magic/image56cb71cbf0a9b3e0.html]
[bunkr.sk/magic/imageb0278eb21583d3e6.html]
[bunkr.sk/magic/album-sort.html]
[bunkr.si/a/index.html]
